=== BACKTEST TICK PAR TICK (VAST) ===
Date          : 2026-05-19
Actifs        : 14
Fenetres scan : 12 x 2h
Tasks         : 168
Workers       : 64
Entry mode    : LIMIT
Latence       : 0.0s
Commission/R  : 0.070 (= 7.0% du risque par trade)

[ 1/168] GER40    setups=  0 fermes=  0 WR=  0.0% PnL=  +0.0R NF=0 OPEN=0
[ 2/168] GER40    setups=  0 fermes=  0 WR=  0.0% PnL=  +0.0R NF=0 OPEN=0
[ 3/168] GER40    setups=  0 fermes=  0 WR=  0.0% PnL=  +0.0R NF=0 OPEN=0
[ 4/168] GER40    setups=  0 fermes=  0 WR=  0.0% PnL=  +0.0R NF=0 OPEN=0
[ 5/168] GER40    setups=  1 fermes=  0 WR=  0.0% PnL=  +0.0R NF=1 OPEN=0
[ 6/168] GER40    setups=  0 fermes=  0 WR=  0.0% PnL=  +0.0R NF=0 OPEN=0
[ 7/168] GER40    setups=  0 fermes=  0 WR=  0.0% PnL=  +0.0R NF=0 OPEN=0
[ 8/168] GER40    setups=  0 fermes=  0 WR=  0.0% PnL=  +0.0R NF=0 OPEN=0
[ 9/168] GER40    setups=  2 fermes=  0 WR=  0.0% PnL=  +0.0R NF=2 OPEN=0
[10/168] GER40    setups=  0 fermes=  0 WR=  0.0% PnL=  +0.0R NF=0 OPEN=0
[11/168] GER40    setups=  0 fermes=  0 WR=  0.0% PnL=  +0.0R NF=0 OPEN=0
[12/168] GER40    setups=  0 fermes=  0 WR=  0.0% PnL=  +0.0R NF=0 OPEN=0
[13/168] EURUSD   setups=  2 fermes=  0 WR=  0.0% PnL=  +0.0R NF=0 OPEN=0
[14/168] EURUSD   setups=  0 fermes=  0 WR=  0.0% PnL=  +0.0R NF=0 OPEN=0
[15/168] EURUSD   setups=  0 fermes=  0 WR=  0.0% PnL=  +0.0R NF=0 OPEN=0
[16/168] EURUSD   setups=  0 fermes=  0 WR=  0.0% PnL=  +0.0R NF=0 OPEN=0
[17/168] EURUSD   setups=  0 fermes=  0 WR=  0.0% PnL=  +0.0R NF=0 OPEN=0
[18/168] EURUSD   setups=  0 fermes=  0 WR=  0.0% PnL=  +0.0R NF=0 OPEN=0
[19/168] EURUSD   setups=  0 fermes=  0 WR=  0.0% PnL=  +0.0R NF=0 OPEN=0
[20/168] EURUSD   setups=  1 fermes=  0 WR=  0.0% PnL=  +0.0R NF=1 OPEN=0
[21/168] EURUSD   setups=  0 fermes=  0 WR=  0.0% PnL=  +0.0R NF=0 OPEN=0
[22/168] EURUSD   setups=  1 fermes=  0 WR=  0.0% PnL=  +0.0R NF=1 OPEN=0
[23/168] EURUSD   setups=  0 fermes=  0 WR=  0.0% PnL=  +0.0R NF=0 OPEN=0
[24/168] EURUSD   setups=  0 fermes=  0 WR=  0.0% PnL=  +0.0R NF=0 OPEN=0
[25/168] GBPUSD   setups=  0 fermes=  0 WR=  0.0% PnL=  +0.0R NF=0 OPEN=0
[26/168] GBPUSD   setups=  0 fermes=  0 WR=  0.0% PnL=  +0.0R NF=0 OPEN=0
[27/168] GBPUSD   setups=  0 fermes=  0 WR=  0.0% PnL=  +0.0R NF=0 OPEN=0
[28/168] GBPUSD   setups=  0 fermes=  0 WR=  0.0% PnL=  +0.0R NF=0 OPEN=0
[29/168] NAS100   setups=  0 fermes=  0 WR=  0.0% PnL=  +0.0R NF=0 OPEN=0
[30/168] NAS100   setups=  0 fermes=  0 WR=  0.0% PnL=  +0.0R NF=0 OPEN=0
[31/168] NAS100   setups=  0 fermes=  0 WR=  0.0% PnL=  +0.0R NF=0 OPEN=0
[32/168] NAS100   setups=  0 fermes=  0 WR=  0.0% PnL=  +0.0R NF=0 OPEN=0
[33/168] NAS100   setups=  1 fermes=  0 WR=  0.0% PnL=  +0.0R NF=1 OPEN=0
[34/168] NAS100   setups=  0 fermes=  0 WR=  0.0% PnL=  +0.0R NF=0 OPEN=0
[35/168] NAS100   setups=  0 fermes=  0 WR=  0.0% PnL=  +0.0R NF=0 OPEN=0
[36/168] NAS100   setups=  0 fermes=  0 WR=  0.0% PnL=  +0.0R NF=0 OPEN=0
[37/168] NAS100   setups=  0 fermes=  0 WR=  0.0% PnL=  +0.0R NF=0 OPEN=0
[38/168] NAS100   setups=  0 fermes=  0 WR=  0.0% PnL=  +0.0R NF=0 OPEN=0
[39/168] NAS100   setups=  0 fermes=  0 WR=  0.0% PnL=  +0.0R NF=0 OPEN=0
[40/168] XAUUSD   setups=  0 fermes=  0 WR=  0.0% PnL=  +0.0R NF=0 OPEN=0
[41/168] XAUUSD   setups=  2 fermes=  0 WR=  0.0% PnL=  +0.0R NF=0 OPEN=0
[42/168] XAUUSD   setups=  0 fermes=  0 WR=  0.0% PnL=  +0.0R NF=0 OPEN=0
[43/168] XAUUSD   setups=  0 fermes=  0 WR=  0.0% PnL=  +0.0R NF=0 OPEN=0
[44/168] NAS100   setups=  0 fermes=  0 WR=  0.0% PnL=  +0.0R NF=0 OPEN=0
[45/168] XAUUSD   setups=  0 fermes=  0 WR=  0.0% PnL=  +0.0R NF=0 OPEN=0
[46/168] XAUUSD   setups=  0 fermes=  0 WR=  0.0% PnL=  +0.0R NF=0 OPEN=0
[47/168] XAUUSD   setups=  0 fermes=  0 WR=  0.0% PnL=  +0.0R NF=0 OPEN=0
[48/168] XAUUSD   setups=  0 fermes=  0 WR=  0.0% PnL=  +0.0R NF=0 OPEN=0
[49/168] XAUUSD   setups=  0 fermes=  0 WR=  0.0% PnL=  +0.0R NF=0 OPEN=0
[50/168] XAUUSD   setups=  0 fermes=  0 WR=  0.0% PnL=  +0.0R NF=0 OPEN=0
[51/168] XAUUSD   setups=  0 fermes=  0 WR=  0.0% PnL=  +0.0R NF=0 OPEN=0
[52/168] XAUUSD   setups=  2 fermes=  0 WR=  0.0% PnL=  +0.0R NF=2 OPEN=0
[53/168] BTCUSD   setups=  0 fermes=  0 WR=  0.0% PnL=  +0.0R NF=0 OPEN=0
[54/168] BTCUSD   setups=  0 fermes=  0 WR=  0.0% PnL=  +0.0R NF=0 OPEN=0
[55/168] BTCUSD   setups=  0 fermes=  0 WR=  0.0% PnL=  +0.0R NF=0 OPEN=0
[56/168] BTCUSD   setups=  1 fermes=  1 WR=  0.0% PnL=  -1.1R NF=0 OPEN=0
[57/168] BTCUSD   setups=  0 fermes=  0 WR=  0.0% PnL=  +0.0R NF=0 OPEN=0
[58/168] GBPUSD   setups=  0 fermes=  0 WR=  0.0% PnL=  +0.0R NF=0 OPEN=0
[59/168] AUDUSD   setups=  0 fermes=  0 WR=  0.0% PnL=  +0.0R NF=0 OPEN=0
[60/168] BTCUSD   setups=  0 fermes=  0 WR=  0.0% PnL=  +0.0R NF=0 OPEN=0
[61/168] BTCUSD   setups=  0 fermes=  0 WR=  0.0% PnL=  +0.0R NF=0 OPEN=0
[62/168] AUDUSD   setups=  0 fermes=  0 WR=  0.0% PnL=  +0.0R NF=0 OPEN=0
[63/168] GBPUSD   setups=  0 fermes=  0 WR=  0.0% PnL=  +0.0R NF=0 OPEN=0
[64/168] GBPUSD   setups=  1 fermes=  1 WR=100.0% PnL=  +1.5R NF=0 OPEN=0
[65/168] AUDUSD   setups=  0 fermes=  0 WR=  0.0% PnL=  +0.0R NF=0 OPEN=0
[66/168] BTCUSD   setups=  0 fermes=  0 WR=  0.0% PnL=  +0.0R NF=0 OPEN=0
[67/168] BTCUSD   setups=  0 fermes=  0 WR=  0.0% PnL=  +0.0R NF=0 OPEN=0
[68/168] GBPUSD   setups=  0 fermes=  0 WR=  0.0% PnL=  +0.0R NF=0 OPEN=0
[69/168] GBPUSD   setups=  0 fermes=  0 WR=  0.0% PnL=  +0.0R NF=0 OPEN=0
[70/168] BTCUSD   setups=  0 fermes=  0 WR=  0.0% PnL=  +0.0R NF=0 OPEN=0
[71/168] GBPUSD   setups=  0 fermes=  0 WR=  0.0% PnL=  +0.0R NF=0 OPEN=0
[72/168] GBPUSD   setups=  0 fermes=  0 WR=  0.0% PnL=  +0.0R NF=0 OPEN=0
[73/168] BTCUSD   setups=  0 fermes=  0 WR=  0.0% PnL=  +0.0R NF=0 OPEN=0
[74/168] GBPUSD   setups=  0 fermes=  0 WR=  0.0% PnL=  +0.0R NF=0 OPEN=0
[75/168] AUDUSD   setups=  0 fermes=  0 WR=  0.0% PnL=  +0.0R NF=0 OPEN=0
[76/168] AUDUSD   setups=  0 fermes=  0 WR=  0.0% PnL=  +0.0R NF=0 OPEN=0
[77/168] BTCUSD   setups=  0 fermes=  0 WR=  0.0% PnL=  +0.0R NF=0 OPEN=0
[78/168] AUDUSD   setups=  1 fermes=  0 WR=  0.0% PnL=  +0.0R NF=1 OPEN=0
[79/168] AUDUSD   setups=  0 fermes=  0 WR=  0.0% PnL=  +0.0R NF=0 OPEN=0
[80/168] AUDUSD   setups=  0 fermes=  0 WR=  0.0% PnL=  +0.0R NF=0 OPEN=0
[81/168] AUDUSD   setups=  0 fermes=  0 WR=  0.0% PnL=  +0.0R NF=0 OPEN=0
[82/168] AUDUSD   setups=  0 fermes=  0 WR=  0.0% PnL=  +0.0R NF=0 OPEN=0
[83/168] AUDUSD   setups=  0 fermes=  0 WR=  0.0% PnL=  +0.0R NF=0 OPEN=0
[84/168] SP500    setups=  0 fermes=  0 WR=  0.0% PnL=  +0.0R NF=0 OPEN=0
[85/168] AUDUSD   setups=  0 fermes=  0 WR=  0.0% PnL=  +0.0R NF=0 OPEN=0
[86/168] SP500    setups=  0 fermes=  0 WR=  0.0% PnL=  +0.0R NF=0 OPEN=0
[87/168] USDJPY   setups=  0 fermes=  0 WR=  0.0% PnL=  +0.0R NF=0 OPEN=0
[88/168] USDJPY   setups=  1 fermes=  0 WR=  0.0% PnL=  +0.0R NF=1 OPEN=0
[89/168] SP500    setups=  0 fermes=  0 WR=  0.0% PnL=  +0.0R NF=0 OPEN=0
[90/168] USDJPY   setups=  0 fermes=  0 WR=  0.0% PnL=  +0.0R NF=0 OPEN=0
[91/168] SP500    setups=  0 fermes=  0 WR=  0.0% PnL=  +0.0R NF=0 OPEN=0
[92/168] SP500    setups=  0 fermes=  0 WR=  0.0% PnL=  +0.0R NF=0 OPEN=0
[93/168] SP500    setups=  0 fermes=  0 WR=  0.0% PnL=  +0.0R NF=0 OPEN=0
[94/168] SP500    setups=  0 fermes=  0 WR=  0.0% PnL=  +0.0R NF=0 OPEN=0
[95/168] USDJPY   setups=  0 fermes=  0 WR=  0.0% PnL=  +0.0R NF=0 OPEN=0
[96/168] USDJPY   setups=  0 fermes=  0 WR=  0.0% PnL=  +0.0R NF=0 OPEN=0
[97/168] SP500    setups=  0 fermes=  0 WR=  0.0% PnL=  +0.0R NF=0 OPEN=0
[98/168] SP500    setups=  0 fermes=  0 WR=  0.0% PnL=  +0.0R NF=0 OPEN=0
[99/168] SP500    setups=  1 fermes=  0 WR=  0.0% PnL=  +0.0R NF=1 OPEN=0
[100/168] USDJPY   setups=  0 fermes=  0 WR=  0.0% PnL=  +0.0R NF=0 OPEN=0
[101/168] USDJPY   setups=  1 fermes=  0 WR=  0.0% PnL=  +0.0R NF=1 OPEN=0
[102/168] SP500    setups=  0 fermes=  0 WR=  0.0% PnL=  +0.0R NF=0 OPEN=0
[103/168] SP500    setups=  0 fermes=  0 WR=  0.0% PnL=  +0.0R NF=0 OPEN=0
[104/168] USDJPY   setups=  0 fermes=  0 WR=  0.0% PnL=  +0.0R NF=0 OPEN=0
[105/168] USDJPY   setups=  0 fermes=  0 WR=  0.0% PnL=  +0.0R NF=0 OPEN=0
[106/168] USDJPY   setups=  0 fermes=  0 WR=  0.0% PnL=  +0.0R NF=0 OPEN=0
[107/168] USDJPY   setups=  0 fermes=  0 WR=  0.0% PnL=  +0.0R NF=0 OPEN=0
[108/168] USDJPY   setups=  1 fermes=  0 WR=  0.0% PnL=  +0.0R NF=1 OPEN=0
[109/168] DJ30     setups=  0 fermes=  0 WR=  0.0% PnL=  +0.0R NF=0 OPEN=0
