=== BACKTEST TICK PAR TICK (VAST) ===
Date          : 2026-05-19
Actifs        : 14
Fenetres scan : 12 x 2h
Tasks         : 168
Workers       : 64
Entry mode    : MARKET
Latence       : 18.0s
Commission/R  : 0.070 (= 7.0% du risque par trade)


libgomp: Thread creation failed: Resource temporarily unavailable

libgomp: Thread creation failed: Resource temporarily unavailable
Traceback (most recent call last):
  File "/workspace/TradingBot/backtest_v12_tick_vast.py", line 421, in <module>
    main()
  File "/workspace/TradingBot/backtest_v12_tick_vast.py", line 364, in main
    r = fut.result()
        ^^^^^^^^^^^^
  File "/usr/lib/python3.12/concurrent/futures/_base.py", line 449, in result
    return self.__get_result()
           ^^^^^^^^^^^^^^^^^^^
  File "/usr/lib/python3.12/concurrent/futures/_base.py", line 401, in __get_result
    raise self._exception
concurrent.futures.process.BrokenProcessPool: A process in the process pool was terminated abruptly while the future was running or pending.
