=== BACKTEST TICK PAR TICK (VAST) ===
Date          : 2026-05-19
Actifs        : 14
Fenetres scan : 12 x 2h
Tasks         : 168
Workers       : 64
Entry mode    : MARKET
Latence       : 30.0s
Commission/R  : 0.070 (= 7.0% du risque par trade)

[ 1/168] GER40    setups=  0 fermes=  0 WR=  0.0% PnL=  +0.0R NF=0 OPEN=0
[ 2/168] GER40    setups=  0 fermes=  0 WR=  0.0% PnL=  +0.0R NF=0 OPEN=0
[ 3/168] GER40    setups=  0 fermes=  0 WR=  0.0% PnL=  +0.0R NF=0 OPEN=0
[ 4/168] GER40    setups=  2 fermes=  0 WR=  0.0% PnL=  +0.0R NF=0 OPEN=0
[ 5/168] GER40    setups=  0 fermes=  0 WR=  0.0% PnL=  +0.0R NF=0 OPEN=0
[ 6/168] GER40    setups=  1 fermes=  0 WR=  0.0% PnL=  +0.0R NF=0 OPEN=0
[ 7/168] GER40    setups=  0 fermes=  0 WR=  0.0% PnL=  +0.0R NF=0 OPEN=0
[ 8/168] GER40    setups=  0 fermes=  0 WR=  0.0% PnL=  +0.0R NF=0 OPEN=0
[ 9/168] GER40    setups=  0 fermes=  0 WR=  0.0% PnL=  +0.0R NF=0 OPEN=0
[10/168] GER40    setups=  0 fermes=  0 WR=  0.0% PnL=  +0.0R NF=0 OPEN=0
[11/168] GER40    setups=  0 fermes=  0 WR=  0.0% PnL=  +0.0R NF=0 OPEN=0
[12/168] GER40    setups=  0 fermes=  0 WR=  0.0% PnL=  +0.0R NF=0 OPEN=0
[13/168] EURUSD   setups=  0 fermes=  0 WR=  0.0% PnL=  +0.0R NF=0 OPEN=0
[14/168] EURUSD   setups=  0 fermes=  0 WR=  0.0% PnL=  +0.0R NF=0 OPEN=0
[15/168] EURUSD   setups=  1 fermes=  0 WR=  0.0% PnL=  +0.0R NF=0 OPEN=0
[16/168] EURUSD   setups=  0 fermes=  0 WR=  0.0% PnL=  +0.0R NF=0 OPEN=0
[17/168] EURUSD   setups=  2 fermes=  2 WR=100.0% PnL=  +3.8R NF=0 OPEN=0
[18/168] EURUSD   setups=  0 fermes=  0 WR=  0.0% PnL=  +0.0R NF=0 OPEN=0
[19/168] EURUSD   setups=  0 fermes=  0 WR=  0.0% PnL=  +0.0R NF=0 OPEN=0
[20/168] GBPUSD   setups=  0 fermes=  0 WR=  0.0% PnL=  +0.0R NF=0 OPEN=0
[21/168] GBPUSD   setups=  0 fermes=  0 WR=  0.0% PnL=  +0.0R NF=0 OPEN=0
[22/168] EURUSD   setups=  0 fermes=  0 WR=  0.0% PnL=  +0.0R NF=0 OPEN=0
[23/168] EURUSD   setups=  1 fermes=  0 WR=  0.0% PnL=  +0.0R NF=0 OPEN=0
[24/168] EURUSD   setups=  0 fermes=  0 WR=  0.0% PnL=  +0.0R NF=0 OPEN=0
[25/168] EURUSD   setups=  0 fermes=  0 WR=  0.0% PnL=  +0.0R NF=0 OPEN=0
[26/168] GBPUSD   setups=  0 fermes=  0 WR=  0.0% PnL=  +0.0R NF=0 OPEN=0
[27/168] EURUSD   setups=  0 fermes=  0 WR=  0.0% PnL=  +0.0R NF=0 OPEN=0
[28/168] GBPUSD   setups=  0 fermes=  0 WR=  0.0% PnL=  +0.0R NF=0 OPEN=0
[29/168] NAS100   setups=  0 fermes=  0 WR=  0.0% PnL=  +0.0R NF=0 OPEN=0
[30/168] NAS100   setups=  0 fermes=  0 WR=  0.0% PnL=  +0.0R NF=0 OPEN=0
[31/168] NAS100   setups=  0 fermes=  0 WR=  0.0% PnL=  +0.0R NF=0 OPEN=0
[32/168] NAS100   setups=  0 fermes=  0 WR=  0.0% PnL=  +0.0R NF=0 OPEN=0
[33/168] NAS100   setups=  1 fermes=  0 WR=  0.0% PnL=  +0.0R NF=0 OPEN=0
[34/168] NAS100   setups=  0 fermes=  0 WR=  0.0% PnL=  +0.0R NF=0 OPEN=0
[35/168] NAS100   setups=  0 fermes=  0 WR=  0.0% PnL=  +0.0R NF=0 OPEN=0
[36/168] NAS100   setups=  0 fermes=  0 WR=  0.0% PnL=  +0.0R NF=0 OPEN=0
[37/168] NAS100   setups=  0 fermes=  0 WR=  0.0% PnL=  +0.0R NF=0 OPEN=0
[38/168] NAS100   setups=  0 fermes=  0 WR=  0.0% PnL=  +0.0R NF=0 OPEN=0
[39/168] XAUUSD   setups=  2 fermes=  2 WR= 50.0% PnL=  -0.6R NF=0 OPEN=0
[40/168] NAS100   setups=  0 fermes=  0 WR=  0.0% PnL=  +0.0R NF=0 OPEN=0
[41/168] NAS100   setups=  0 fermes=  0 WR=  0.0% PnL=  +0.0R NF=0 OPEN=0
[42/168] XAUUSD   setups=  0 fermes=  0 WR=  0.0% PnL=  +0.0R NF=0 OPEN=0
[43/168] XAUUSD   setups=  0 fermes=  0 WR=  0.0% PnL=  +0.0R NF=0 OPEN=0
[44/168] XAUUSD   setups=  0 fermes=  0 WR=  0.0% PnL=  +0.0R NF=0 OPEN=0
[45/168] XAUUSD   setups=  0 fermes=  0 WR=  0.0% PnL=  +0.0R NF=0 OPEN=0
[46/168] XAUUSD   setups=  0 fermes=  0 WR=  0.0% PnL=  +0.0R NF=0 OPEN=0
[47/168] XAUUSD   setups=  0 fermes=  0 WR=  0.0% PnL=  +0.0R NF=0 OPEN=0
[48/168] XAUUSD   setups=  0 fermes=  0 WR=  0.0% PnL=  +0.0R NF=0 OPEN=0
[49/168] XAUUSD   setups=  0 fermes=  0 WR=  0.0% PnL=  +0.0R NF=0 OPEN=0
[50/168] XAUUSD   setups=  0 fermes=  0 WR=  0.0% PnL=  +0.0R NF=0 OPEN=0
[51/168] XAUUSD   setups=  0 fermes=  0 WR=  0.0% PnL=  +0.0R NF=0 OPEN=0
[52/168] XAUUSD   setups=  2 fermes=  0 WR=  0.0% PnL=  +0.0R NF=0 OPEN=0
[53/168] BTCUSD   setups=  0 fermes=  0 WR=  0.0% PnL=  +0.0R NF=0 OPEN=0
[54/168] BTCUSD   setups=  0 fermes=  0 WR=  0.0% PnL=  +0.0R NF=0 OPEN=0
[55/168] BTCUSD   setups=  1 fermes=  0 WR=  0.0% PnL=  +0.0R NF=0 OPEN=0
[56/168] GBPUSD   setups=  0 fermes=  0 WR=  0.0% PnL=  +0.0R NF=0 OPEN=0
[57/168] BTCUSD   setups=  0 fermes=  0 WR=  0.0% PnL=  +0.0R NF=0 OPEN=0
[58/168] GBPUSD   setups=  0 fermes=  0 WR=  0.0% PnL=  +0.0R NF=0 OPEN=0
[59/168] GBPUSD   setups=  0 fermes=  0 WR=  0.0% PnL=  +0.0R NF=0 OPEN=0
[60/168] BTCUSD   setups=  0 fermes=  0 WR=  0.0% PnL=  +0.0R NF=0 OPEN=0
[61/168] AUDUSD   setups=  0 fermes=  0 WR=  0.0% PnL=  +0.0R NF=0 OPEN=0
[62/168] BTCUSD   setups=  0 fermes=  0 WR=  0.0% PnL=  +0.0R NF=0 OPEN=0
[63/168] BTCUSD   setups=  0 fermes=  0 WR=  0.0% PnL=  +0.0R NF=0 OPEN=0
[64/168] GBPUSD   setups=  0 fermes=  0 WR=  0.0% PnL=  +0.0R NF=0 OPEN=0
[65/168] AUDUSD   setups=  0 fermes=  0 WR=  0.0% PnL=  +0.0R NF=0 OPEN=0
[66/168] AUDUSD   setups=  0 fermes=  0 WR=  0.0% PnL=  +0.0R NF=0 OPEN=0
[67/168] BTCUSD   setups=  0 fermes=  0 WR=  0.0% PnL=  +0.0R NF=0 OPEN=0
[68/168] BTCUSD   setups=  0 fermes=  0 WR=  0.0% PnL=  +0.0R NF=0 OPEN=0
[69/168] GBPUSD   setups=  0 fermes=  0 WR=  0.0% PnL=  +0.0R NF=0 OPEN=0
[70/168] AUDUSD   setups=  0 fermes=  0 WR=  0.0% PnL=  +0.0R NF=0 OPEN=0
[71/168] BTCUSD   setups=  0 fermes=  0 WR=  0.0% PnL=  +0.0R NF=0 OPEN=0
[72/168] BTCUSD   setups=  0 fermes=  0 WR=  0.0% PnL=  +0.0R NF=0 OPEN=0
[73/168] BTCUSD   setups=  0 fermes=  0 WR=  0.0% PnL=  +0.0R NF=0 OPEN=0
[74/168] AUDUSD   setups=  0 fermes=  0 WR=  0.0% PnL=  +0.0R NF=0 OPEN=0
[75/168] GBPUSD   setups=  1 fermes=  0 WR=  0.0% PnL=  +0.0R NF=0 OPEN=0
[76/168] AUDUSD   setups=  0 fermes=  0 WR=  0.0% PnL=  +0.0R NF=0 OPEN=0
[77/168] GBPUSD   setups=  0 fermes=  0 WR=  0.0% PnL=  +0.0R NF=0 OPEN=0
[78/168] GBPUSD   setups=  0 fermes=  0 WR=  0.0% PnL=  +0.0R NF=0 OPEN=0
[79/168] AUDUSD   setups=  0 fermes=  0 WR=  0.0% PnL=  +0.0R NF=0 OPEN=0
[80/168] AUDUSD   setups=  0 fermes=  0 WR=  0.0% PnL=  +0.0R NF=0 OPEN=0
[81/168] USDJPY   setups=  1 fermes=  0 WR=  0.0% PnL=  +0.0R NF=0 OPEN=0
[82/168] AUDUSD   setups=  0 fermes=  0 WR=  0.0% PnL=  +0.0R NF=0 OPEN=0
[83/168] SP500    setups=  0 fermes=  0 WR=  0.0% PnL=  +0.0R NF=0 OPEN=0
[84/168] AUDUSD   setups=  0 fermes=  0 WR=  0.0% PnL=  +0.0R NF=0 OPEN=0
[85/168] AUDUSD   setups=  0 fermes=  0 WR=  0.0% PnL=  +0.0R NF=0 OPEN=0
[86/168] SP500    setups=  0 fermes=  0 WR=  0.0% PnL=  +0.0R NF=0 OPEN=0
[87/168] SP500    setups=  0 fermes=  0 WR=  0.0% PnL=  +0.0R NF=0 OPEN=0
[88/168] AUDUSD   setups=  1 fermes=  0 WR=  0.0% PnL=  +0.0R NF=0 OPEN=0
[89/168] USDJPY   setups=  0 fermes=  0 WR=  0.0% PnL=  +0.0R NF=0 OPEN=0
[90/168] USDJPY   setups=  0 fermes=  0 WR=  0.0% PnL=  +0.0R NF=0 OPEN=0
[91/168] SP500    setups=  0 fermes=  0 WR=  0.0% PnL=  +0.0R NF=0 OPEN=0
[92/168] SP500    setups=  0 fermes=  0 WR=  0.0% PnL=  +0.0R NF=0 OPEN=0
[93/168] USDJPY   setups=  0 fermes=  0 WR=  0.0% PnL=  +0.0R NF=0 OPEN=0
[94/168] SP500    setups=  1 fermes=  0 WR=  0.0% PnL=  +0.0R NF=0 OPEN=0
[95/168] SP500    setups=  0 fermes=  0 WR=  0.0% PnL=  +0.0R NF=0 OPEN=0
[96/168] SP500    setups=  0 fermes=  0 WR=  0.0% PnL=  +0.0R NF=0 OPEN=0
[97/168] SP500    setups=  0 fermes=  0 WR=  0.0% PnL=  +0.0R NF=0 OPEN=0
[98/168] SP500    setups=  0 fermes=  0 WR=  0.0% PnL=  +0.0R NF=0 OPEN=0
[99/168] USDJPY   setups=  0 fermes=  0 WR=  0.0% PnL=  +0.0R NF=0 OPEN=0
[100/168] USDJPY   setups=  0 fermes=  0 WR=  0.0% PnL=  +0.0R NF=0 OPEN=0
[101/168] SP500    setups=  0 fermes=  0 WR=  0.0% PnL=  +0.0R NF=0 OPEN=0
[102/168] SP500    setups=  0 fermes=  0 WR=  0.0% PnL=  +0.0R NF=0 OPEN=0
[103/168] USDJPY   setups=  0 fermes=  0 WR=  0.0% PnL=  +0.0R NF=0 OPEN=0
[104/168] USDJPY   setups=  0 fermes=  0 WR=  0.0% PnL=  +0.0R NF=0 OPEN=0
[105/168] USDJPY   setups=  0 fermes=  0 WR=  0.0% PnL=  +0.0R NF=0 OPEN=0
[106/168] USDJPY   setups=  1 fermes=  1 WR=100.0% PnL=  +1.9R NF=0 OPEN=0
[107/168] USDJPY   setups=  0 fermes=  0 WR=  0.0% PnL=  +0.0R NF=0 OPEN=0
[108/168] USDJPY   setups=  1 fermes=  0 WR=  0.0% PnL=  +0.0R NF=0 OPEN=0
[109/168] DJ30     setups=  0 fermes=  0 WR=  0.0% PnL=  +0.0R NF=0 OPEN=0
[110/168] DJ30     setups=  0 fermes=  0 WR=  0.0% PnL=  +0.0R NF=0 OPEN=0
[111/168] DJ30     setups=  0 fermes=  0 WR=  0.0% PnL=  +0.0R NF=0 OPEN=0
[112/168] DJ30     setups=  0 fermes=  0 WR=  0.0% PnL=  +0.0R NF=0 OPEN=0
[113/168] DJ30     setups=  3 fermes=  1 WR=100.0% PnL=  +0.2R NF=0 OPEN=0
[114/168] DJ30     setups=  0 fermes=  0 WR=  0.0% PnL=  +0.0R NF=0 OPEN=0
[115/168] DJ30     setups=  0 fermes=  0 WR=  0.0% PnL=  +0.0R NF=0 OPEN=0
[116/168] DJ30     setups=  0 fermes=  0 WR=  0.0% PnL=  +0.0R NF=0 OPEN=0
[117/168] UK100    setups=  0 fermes=  0 WR=  0.0% PnL=  +0.0R NF=0 OPEN=0
[118/168] UK100    setups=  0 fermes=  0 WR=  0.0% PnL=  +0.0R NF=0 OPEN=0
[119/168] UK100    setups=  0 fermes=  0 WR=  0.0% PnL=  +0.0R NF=0 OPEN=0
[120/168] UK100    setups=  0 fermes=  0 WR=  0.0% PnL=  +0.0R NF=0 OPEN=0
[121/168] UK100    setups=  0 fermes=  0 WR=  0.0% PnL=  +0.0R NF=0 OPEN=0
[122/168] UK100    setups=  0 fermes=  0 WR=  0.0% PnL=  +0.0R NF=0 OPEN=0
[123/168] UK100    setups=  0 fermes=  0 WR=  0.0% PnL=  +0.0R NF=0 OPEN=0
[124/168] UK100    setups=  0 fermes=  0 WR=  0.0% PnL=  +0.0R NF=0 OPEN=0
[125/168] FRA40    setups=  0 fermes=  0 WR=  0.0% PnL=  +0.0R NF=0 OPEN=0
[126/168] UK100    setups=  0 fermes=  0 WR=  0.0% PnL=  +0.0R NF=0 OPEN=0
[127/168] UK100    setups=  0 fermes=  0 WR=  0.0% PnL=  +0.0R NF=0 OPEN=0
[128/168] FRA40    setups=  0 fermes=  0 WR=  0.0% PnL=  +0.0R NF=0 OPEN=0
[129/168] UK100    setups=  0 fermes=  0 WR=  0.0% PnL=  +0.0R NF=0 OPEN=0
[130/168] FRA40    setups=  0 fermes=  0 WR=  0.0% PnL=  +0.0R NF=0 OPEN=0
[131/168] FRA40    setups=  0 fermes=  0 WR=  0.0% PnL=  +0.0R NF=0 OPEN=0
[132/168] FRA40    setups=  0 fermes=  0 WR=  0.0% PnL=  +0.0R NF=0 OPEN=0
[133/168] FRA40    setups=  0 fermes=  0 WR=  0.0% PnL=  +0.0R NF=0 OPEN=0
[134/168] FRA40    setups=  0 fermes=  0 WR=  0.0% PnL=  +0.0R NF=0 OPEN=0
[135/168] FRA40    setups=  0 fermes=  0 WR=  0.0% PnL=  +0.0R NF=0 OPEN=0
[136/168] FRA40    setups=  0 fermes=  0 WR=  0.0% PnL=  +0.0R NF=0 OPEN=0
[137/168] FRA40    setups=  0 fermes=  0 WR=  0.0% PnL=  +0.0R NF=0 OPEN=0
[138/168] UK100    setups=  0 fermes=  0 WR=  0.0% PnL=  +0.0R NF=0 OPEN=0
[139/168] FRA40    setups=  0 fermes=  0 WR=  0.0% PnL=  +0.0R NF=0 OPEN=0
[140/168] FRA40    setups=  0 fermes=  0 WR=  0.0% PnL=  +0.0R NF=0 OPEN=0
[141/168] DJ30     setups=  1 fermes=  0 WR=  0.0% PnL=  +0.0R NF=0 OPEN=0
[142/168] DJ30     setups=  0 fermes=  0 WR=  0.0% PnL=  +0.0R NF=0 OPEN=0
[143/168] DJ30     setups=  0 fermes=  0 WR=  0.0% PnL=  +0.0R NF=0 OPEN=0
[144/168] DJ30     setups=  0 fermes=  0 WR=  0.0% PnL=  +0.0R NF=0 OPEN=0
[145/168] USDCAD   setups=  0 fermes=  0 WR=  0.0% PnL=  +0.0R NF=0 OPEN=0
[146/168] USDCAD   setups=  0 fermes=  0 WR=  0.0% PnL=  +0.0R NF=0 OPEN=0
[147/168] USDCAD   setups=  0 fermes=  0 WR=  0.0% PnL=  +0.0R NF=0 OPEN=0
[148/168] USDCAD   setups=  0 fermes=  0 WR=  0.0% PnL=  +0.0R NF=0 OPEN=0
[149/168] USDCAD   setups=  0 fermes=  0 WR=  0.0% PnL=  +0.0R NF=0 OPEN=0
[150/168] USDCAD   setups=  0 fermes=  0 WR=  0.0% PnL=  +0.0R NF=0 OPEN=0
[151/168] USDCAD   setups=  0 fermes=  0 WR=  0.0% PnL=  +0.0R NF=0 OPEN=0
[152/168] USDCAD   setups=  0 fermes=  0 WR=  0.0% PnL=  +0.0R NF=0 OPEN=0
[153/168] USDCAD   setups=  0 fermes=  0 WR=  0.0% PnL=  +0.0R NF=0 OPEN=0
[154/168] USDCAD   setups=  0 fermes=  0 WR=  0.0% PnL=  +0.0R NF=0 OPEN=0
[155/168] USDCAD   setups=  0 fermes=  0 WR=  0.0% PnL=  +0.0R NF=0 OPEN=0
[156/168] USDCAD   setups=  0 fermes=  0 WR=  0.0% PnL=  +0.0R NF=0 OPEN=0
[157/168] USDCHF   setups=  0 fermes=  0 WR=  0.0% PnL=  +0.0R NF=0 OPEN=0
[158/168] USDCHF   setups=  0 fermes=  0 WR=  0.0% PnL=  +0.0R NF=0 OPEN=0
[159/168] USDCHF   setups=  0 fermes=  0 WR=  0.0% PnL=  +0.0R NF=0 OPEN=0
[160/168] USDCHF   setups=  0 fermes=  0 WR=  0.0% PnL=  +0.0R NF=0 OPEN=0
[161/168] USDCHF   setups=  0 fermes=  0 WR=  0.0% PnL=  +0.0R NF=0 OPEN=0
[162/168] USDCHF   setups=  0 fermes=  0 WR=  0.0% PnL=  +0.0R NF=0 OPEN=0
[163/168] USDCHF   setups=  0 fermes=  0 WR=  0.0% PnL=  +0.0R NF=0 OPEN=0
[164/168] USDCHF   setups=  0 fermes=  0 WR=  0.0% PnL=  +0.0R NF=0 OPEN=0
[165/168] USDCHF   setups=  0 fermes=  0 WR=  0.0% PnL=  +0.0R NF=0 OPEN=0
[166/168] USDCHF   setups=  0 fermes=  0 WR=  0.0% PnL=  +0.0R NF=0 OPEN=0
[167/168] USDCHF   setups=  0 fermes=  0 WR=  0.0% PnL=  +0.0R NF=0 OPEN=0
[168/168] USDCHF   setups=  0 fermes=  0 WR=  0.0% PnL=  +0.0R NF=0 OPEN=0

=== TERMINE en 14.6min ===

=== RECAP GLOBAL TICK (dedup) ===
  Trades fermes : 6
  WR            : 83.3%
  PnL (R)       : +5.3
  NO_FILL       : 0
  INVALID_PRICE : 15 (prix deja du mauvais cote = ordre rejete MT5)
  OPEN          : 0

  Par actif :
    DJ30     :   1 trades, WR=100.0%, PnL=+0.2R
    EURUSD   :   2 trades, WR=100.0%, PnL=+3.8R
    USDJPY   :   1 trades, WR=100.0%, PnL=+1.9R
    XAUUSD   :   2 trades, WR= 50.0%, PnL=-0.6R

Journal : /workspace/TradingBot/bt_tick_20260519_trades.csv
